2026-07-26 01:59:38.937 +03:30 [DBG] Hosting starting
2026-07-26 01:59:39.060 +03:30 [INF] Now listening on: http://localhost:5216
2026-07-26 01:59:39.063 +03:30 [INF] Application started. Press Ctrl+C to shut down.
2026-07-26 01:59:39.064 +03:30 [INF] Hosting environment: Development
2026-07-26 01:59:39.066 +03:30 [INF] Content root path: E:\C#\MyProject\src\ProjectHub.API
2026-07-26 01:59:39.068 +03:30 [DBG] Hosting started
2026-07-26 02:01:00.415 +03:30 [INF] Request starting HTTP/1.1 GET http://localhost:5216/ - null null
2026-07-26 02:01:00.482 +03:30 [WRN] Failed to determine the https port for redirect.
2026-07-26 02:01:00.486 +03:30 [INF] HTTP GET / responded 404 in 21.3811 ms
2026-07-26 02:01:00.506 +03:30 [INF] Request finished HTTP/1.1 GET http://localhost:5216/ - 404 0 null 93.5818ms
2026-07-26 02:01:00.531 +03:30 [INF] Request reached the end of the middleware pipeline without being handled by application code. Request path: GET http://localhost:5216/, Response status code: 404
2026-07-26 02:01:00.544 +03:30 [INF] Request starting HTTP/1.1 GET http://localhost:5216/favicon.ico - null null
2026-07-26 02:01:00.550 +03:30 [INF] HTTP GET /favicon.ico responded 404 in 1.2601 ms
2026-07-26 02:01:00.554 +03:30 [INF] Request finished HTTP/1.1 GET http://localhost:5216/favicon.ico - 404 0 null 10.3749ms
2026-07-26 02:01:00.560 +03:30 [INF] Request reached the end of the middleware pipeline without being handled by application code. Request path: GET http://localhost:5216/favicon.ico, Response status code: 404
2026-07-26 02:01:48.815 +03:30 [INF] Request starting HTTP/1.1 GET http://localhost:5216/ - null null
2026-07-26 02:01:48.820 +03:30 [INF] HTTP GET / responded 404 in 0.9014 ms
2026-07-26 02:01:48.823 +03:30 [INF] Request finished HTTP/1.1 GET http://localhost:5216/ - 404 0 null 8.6757ms
2026-07-26 02:01:48.829 +03:30 [INF] Request reached the end of the middleware pipeline without being handled by application code. Request path: GET http://localhost:5216/, Response status code: 404
2026-07-26 02:02:57.464 +03:30 [INF] Application is shutting down...
2026-07-26 02:02:57.467 +03:30 [DBG] Hosting stopping
2026-07-26 02:02:57.507 +03:30 [DBG] Hosting stopped
