2026-07-31 15:31:08.058 +03:30 [DBG] Hosting starting
2026-07-31 15:31:08.169 +03:30 [ERR] Hosting failed to start
Microsoft.Extensions.Options.OptionsValidationException: DataAnnotation validation failed for 'EmailOptions' members: 'Host' with the error: 'The Host field is required.'.; DataAnnotation validation failed for 'EmailOptions' members: 'FromAddress' with the error: 'The FromAddress field is required.'.; DataAnnotation validation failed for 'EmailOptions' members: 'FromName' with the error: 'The FromName field is required.'.
   at Microsoft.Extensions.Options.OptionsFactory`1.Create(String name)
   at System.Lazy`1.ViaFactory(LazyThreadSafetyMode mode)
   at System.Lazy`1.ExecutionAndPublication(LazyHelper executionAndPublication, Boolean useDefaultConstructor)
   at System.Lazy`1.CreateValue()
   at Microsoft.Extensions.Options.OptionsCache`1.GetOrAdd[TArg](String name, Func`3 createOptions, TArg factoryArgument)
   at Microsoft.Extensions.Options.OptionsMonitor`1.Get(String name)
   at Microsoft.Extensions.DependencyInjection.OptionsBuilderExtensions.<>c__DisplayClass0_1`1.<ValidateOnStart>b__1()
   at Microsoft.Extensions.Options.StartupValidator.Validate()
--- End of stack trace from previous location ---
   at Microsoft.Extensions.Options.StartupValidator.Validate()
   at Microsoft.Extensions.Hosting.Internal.Host.StartAsync(CancellationToken cancellationToken)
2026-07-31 15:31:08.218 +03:30 [FTL] Application terminated unexpectedly during startup.
Microsoft.Extensions.Options.OptionsValidationException: DataAnnotation validation failed for 'EmailOptions' members: 'Host' with the error: 'The Host field is required.'.; DataAnnotation validation failed for 'EmailOptions' members: 'FromAddress' with the error: 'The FromAddress field is required.'.; DataAnnotation validation failed for 'EmailOptions' members: 'FromName' with the error: 'The FromName field is required.'.
   at Microsoft.Extensions.Options.OptionsFactory`1.Create(String name)
   at System.Lazy`1.ViaFactory(LazyThreadSafetyMode mode)
   at System.Lazy`1.ExecutionAndPublication(LazyHelper executionAndPublication, Boolean useDefaultConstructor)
   at System.Lazy`1.CreateValue()
   at Microsoft.Extensions.Options.OptionsCache`1.GetOrAdd[TArg](String name, Func`3 createOptions, TArg factoryArgument)
   at Microsoft.Extensions.Options.OptionsMonitor`1.Get(String name)
   at Microsoft.Extensions.DependencyInjection.OptionsBuilderExtensions.<>c__DisplayClass0_1`1.<ValidateOnStart>b__1()
   at Microsoft.Extensions.Options.StartupValidator.Validate()
--- End of stack trace from previous location ---
   at Microsoft.Extensions.Options.StartupValidator.Validate()
   at Microsoft.Extensions.Hosting.Internal.Host.StartAsync(CancellationToken cancellationToken)
   at Microsoft.Extensions.Hosting.Internal.Host.StartAsync(CancellationToken cancellationToken)
   at Microsoft.Extensions.Hosting.HostingAbstractionsHostExtensions.RunAsync(IHost host, CancellationToken token)
   at Microsoft.Extensions.Hosting.HostingAbstractionsHostExtensions.RunAsync(IHost host, CancellationToken token)
   at Microsoft.Extensions.Hosting.HostingAbstractionsHostExtensions.Run(IHost host)
   at Program.<Main>$(String[] args) in E:\C#\MyProject\src\ProjectHub.API\Program.cs:line 77
2026-07-31 15:33:33.179 +03:30 [DBG] Hosting starting
2026-07-31 15:33:33.404 +03:30 [INF] Now listening on: http://localhost:5000
2026-07-31 15:33:33.423 +03:30 [INF] Application started. Press Ctrl+C to shut down.
2026-07-31 15:33:33.440 +03:30 [INF] Hosting environment: Development
2026-07-31 15:33:33.456 +03:30 [INF] Content root path: E:\C#\MyProject\src\ProjectHub.API
2026-07-31 15:33:33.474 +03:30 [DBG] Hosting started
